[2026-09-09T21:51:35.833Z][INFO] Command-line: 'C:\\Program Files\\Unity\\Hub\\Editor\\6000.6.0f1\\Editor\\Data\\Resources\\PackageManager\\Server\\UnityPackageManager.exe' server -s 24116 --ipc-path Unity-Upm-24116 -l 2 --log-file 'D:\\Projet Jeux vidéo\\Projet Jeu  vidéo/Logs/upm.log'
[2026-09-09T21:51:35.906Z][INFO] IPC server started (IPC path=Unity-Upm-24116).
[2026-09-09T21:51:35.906Z][INFO] Hint: To connect to this UPM instance, launch Unity with the command-line parameter -upmIpcPath Upm-24116.
[2026-09-09T21:51:43.864Z][INFO] project:list-packages <-- Request received
params: {}
[2026-09-09T21:51:44.753Z][INFO] config:project:get-registries <-- Request received
params: {}
[2026-09-09T21:51:44.785Z][INFO] project:list-packages <-- Request received
params: {}
[2026-09-09T21:51:44.878Z][INFO] project:update-dependencies <-- Request received
params: {}
[2026-09-09T21:51:44.902Z][INFO] project:update-dependencies --> 200 (24 ms)
[2026-09-09T21:51:44.972Z][INFO] project:resolve-packages <-- Request received
params: {}
[2026-09-09T21:51:45.009Z][INFO] config:project:get-registries --> 200 (256 ms)
[2026-09-09T21:51:45.261Z][INFO] Downloading package [com.unity.package-manager.metadata-6000.6@0.0.67] from registry 'https://packages.unity.com'
[2026-09-09T21:51:45.452Z][INFO] project:list-packages --> 200 (1589 ms)
[2026-09-09T21:51:45.453Z][INFO] project:list-packages --> 200 (668 ms)
[2026-09-09T21:51:45.568Z][INFO] Finished downloading package [com.unity.package-manager.metadata-6000.6@0.0.67] from registry 'https://packages.unity.com' (size: 11.4 kB, time: 307ms)
[2026-09-09T21:52:03.419Z][WARN] Requested version [1.0.3] for package [com.unity.settings-manager] overridden by minimum version [2.1.1].
[2026-09-09T21:52:03.419Z][WARN] Requested version [4.9.3] for package [com.unity.searcher] overridden by minimum version [4.9.5].
[2026-09-09T21:52:03.420Z][INFO] project:resolve-packages --> 200 (18448 ms)
[2026-09-09T21:53:14.093Z][INFO] project:list-packages <-- Request received
params: {}
[2026-09-09T21:53:14.173Z][INFO] project:list-packages <-- Request received
params: {}
[2026-09-09T21:53:14.525Z][INFO] project:list-packages <-- Request received
params: {}
[2026-09-09T21:53:14.622Z][INFO] project:list-packages --> 200 (529 ms)
[2026-09-09T21:53:14.743Z][INFO] config:project:get-registries <-- Request received
params: {}
[2026-09-09T21:53:14.990Z][INFO] project:list-packages --> 200 (817 ms)
[2026-09-09T21:53:14.994Z][INFO] config:project:get-registries --> 200 (251 ms)
[2026-09-09T21:53:15.601Z][INFO] project:list-packages --> 200 (1075 ms)
[2026-09-09T21:53:42.923Z][INFO] project:list-packages <-- Request received
params: {}
[2026-09-09T21:53:43.115Z][INFO] project:list-packages --> 200 (192 ms)
[2026-09-09T21:53:44.627Z][INFO] project:list-packages <-- Request received
params: {}
[2026-09-09T21:53:44.802Z][INFO] project:list-packages --> 200 (175 ms)
[2026-09-09T21:53:46.858Z][INFO] project:list-packages <-- Request received
params: {}
[2026-09-09T21:53:46.899Z][INFO] project:list-packages <-- Request received
params: {}
[2026-09-09T21:53:47.099Z][INFO] project:list-packages --> 200 (241 ms)
[2026-09-09T21:53:47.164Z][INFO] project:list-packages --> 200 (265 ms)
[2026-09-09T21:53:47.315Z][INFO] project:list-packages <-- Request received
params: {}
[2026-09-09T21:53:47.438Z][INFO] config:project:get-registries <-- Request received
params: {}
[2026-09-09T21:53:47.445Z][INFO] config:project:get-registries --> 200 (7 ms)
[2026-09-09T21:53:47.487Z][INFO] project:list-packages --> 200 (172 ms)
[2026-09-09T21:53:51.072Z][INFO] project:list-packages <-- Request received
params: {}
[2026-09-09T21:53:51.087Z][INFO] project:list-packages <-- Request received
params: {}
[2026-09-09T21:53:51.305Z][INFO] project:list-packages --> 200 (217 ms)
[2026-09-09T21:53:52.361Z][INFO] project:list-packages --> 200 (1288 ms)
[2026-09-09T22:24:39.876Z][INFO] project:list-packages <-- Request received
params: {}
[2026-09-09T22:24:40.221Z][INFO] project:list-packages <-- Request received
params: {}
[2026-09-09T22:24:41.123Z][INFO] project:list-packages --> 200 (1248 ms)
[2026-09-09T22:24:41.124Z][INFO] project:list-packages --> 200 (904 ms)
[2026-09-09T22:24:43.045Z][INFO] project:list-packages <-- Request received
params: {}
[2026-09-09T22:24:43.250Z][INFO] project:list-packages --> 200 (206 ms)
[2026-09-09T22:24:43.474Z][INFO] project:list-packages <-- Request received
params: {}
[2026-09-09T22:24:43.650Z][INFO] project:list-packages --> 200 (176 ms)
